// Jest Snapshot v1, https://goo.gl/fbAQLP

exports[`SearchBar is shown 1`] = `
<div>
  <form
    onSubmit={[Function]}
  >
    <input
      className="search-input"
      onChange={[Function]}
      required={true}
      type="text"
      value=""
    />
    <button
      className="select-button search-button"
      type="submit"
    >
      Search
    </button>
  </form>
</div>
`;
